VB	BB	BB	BB	LH	VE	VB	BB	VE	FB
FC	BD	VC	VD	VE	BD	BE	VD	BC	BE
FB	BD	LH	FE	FC	FC	FC	FB	VB	BE
BD	BE	FD	LH	BB	LH	VE	BD	BE	FC
FC	VD	BB	VE	VD	FE	BD	BE	VD	FE
FD	LH	VC	BD	VE	FD	VC	VD	FE	FB
FD	VE	VB	BC	BC	LH	LH	LH	VE	LV
FB	VD	BC	BB	BB	LH	LH	BB	BE	LV
BD	LH	VE	BD	BE	VB	LH	BE	BD	VC
FC	FD	BC	BC	VC	FC	FD	BC	BC	FE
